INFO : test 3 
